/*---------------------------------------------------------------------------*\
  =========                 |
  \\      /  F ield         | OpenFOAM: The Open Source CFD Toolbox
   \\    /   O peration     | Website:  https://openfoam.org
    \\  /    A nd           | Version:  10
     \\/     M anipulation  |
\*---------------------------------------------------------------------------*/
Build  : 10-c4cf895ad8fa
Exec   : checkMesh -region hotFluid -latestTime
Date   : Sep 16 2026
Time   : 02:27:27
Host   : "d1a43442a6f0"
PID    : 31735
I/O    : uncollated
Case   : /d_runtime/cases/samarmad_publication_v1/diagnostics/HX-S01-DIAG-LTOL-003/coarse_netgen
nProcs : 1
sigFpe : Enabling floating point exception trapping (FOAM_SIGFPE).
fileModificationChecking : Monitoring run-time modified files using timeStampMaster (fileModificationSkew 10)
allowSystemOperations : Allowing user-supplied system call operations

// * * * * * * * * * * * * * * * * * * * * * * * * * * * * * * * * * * * * * //
Create time

Create polyMesh hotFluid for time = 1100

Time = 1100s

Mesh stats
    points:           14119
    faces:            103561
    internal faces:   81075
    cells:            46159
    faces per cell:   4
    boundary patches: 3
    point zones:      0
    face zones:       2
    cell zones:       3

Overall number of cells of each type:
    hexahedra:     0
    prisms:        0
    wedges:        0
    pyramids:      0
    tet wedges:    0
    tetrahedra:    46159
    polyhedra:     0

Checking topology...
    Boundary definition OK.
    Cell to face addressing OK.
    Point usage OK.
    Upper triangular ordering OK.
    Face vertices OK.
    Number of regions: 1 (OK).

Checking patch topology for multiply connected surfaces...
    Patch               Faces    Points   Surface topology                  
    hot_inlet           39       28       ok (non-closed singly connected)  
    hot_outlet          39       28       ok (non-closed singly connected)  
    hotFluid_to_solidPlate22408    11219    ok (non-closed singly connected)  

Checking geometry...
    Overall domain bounding box (0 0.00044842602 -5.0612364e-05) (0.24 0.0045511819 0.0028014393)
    Mesh has 3 geometric (non-empty/wedge) directions (1 1 1)
    Mesh has 3 solution (non-empty) directions (1 1 1)
    Boundary openness (-5.3665358e-18 -8.3400611e-18 -6.2521794e-16) OK.
    Max cell openness = 2.1761626e-16 OK.
    Max aspect ratio = 7.9046818 OK.
    Minimum face area = 1.4596682e-08. Maximum face area = 3.1405637e-07.  Face area magnitudes OK.
    Min volume = 1.4744164e-12. Max volume = 5.4094783e-11.  Total volume = 5.8050823e-07.  Cell volumes OK.
    Mesh non-orthogonality Max: 67.081116 average: 20.153248
    Non-orthogonality check OK.
    Face pyramids OK.
    Max skewness = 0.77622374 OK.
    Coupled point location match (average 0) OK.

Mesh OK.

End

