/*---------------------------------------------------------------------------*\
  =========                 |
  \\      /  F ield         | OpenFOAM: The Open Source CFD Toolbox
   \\    /   O peration     | Website:  https://openfoam.org
    \\  /    A nd           | Version:  10
     \\/     M anipulation  |
\*---------------------------------------------------------------------------*/
Build  : 10-c4cf895ad8fa
Exec   : checkMesh -region solidPlate -latestTime
Date   : Sep 16 2026
Time   : 02:27:30
Host   : "d1a43442a6f0"
PID    : 32051
I/O    : uncollated
Case   : /d_runtime/cases/samarmad_publication_v1/diagnostics/HX-S01-DIAG-LTOL-003/coarse_netgen
nProcs : 1
sigFpe : Enabling floating point exception trapping (FOAM_SIGFPE).
fileModificationChecking : Monitoring run-time modified files using timeStampMaster (fileModificationSkew 10)
allowSystemOperations : Allowing user-supplied system call operations

// * * * * * * * * * * * * * * * * * * * * * * * * * * * * * * * * * * * * * //
Create time

Create polyMesh solidPlate for time = 1100

Time = 1100s

Mesh stats
    points:           92113
    faces:            855382
    internal faces:   754766
    cells:            402537
    faces per cell:   4
    boundary patches: 7
    point zones:      0
    face zones:       2
    cell zones:       3

Overall number of cells of each type:
    hexahedra:     0
    prisms:        0
    wedges:        0
    pyramids:      0
    tet wedges:    0
    tetrahedra:    402537
    polyhedra:     0

Checking topology...
    Boundary definition OK.
    Cell to face addressing OK.
    Point usage OK.
    Upper triangular ordering OK.
    Face vertices OK.
    Number of regions: 1 (OK).

Checking patch topology for multiply connected surfaces...
    Patch               Faces    Points   Surface topology                  
    solidPlate_outer    16820    9262     ok (non-closed singly connected)  
    solid_end_x0        502      294      ok (non-closed singly connected)  
    solid_end_xL        516      301      ok (non-closed singly connected)  
    solidPlate_to_coldFluid22492    11261    ok (non-closed singly connected)  
    solidPlate_to_hotFluid22408    11219    ok (non-closed singly connected)  
    solid_y0            18948    9911     ok (non-closed singly connected)  
    solid_yW            18930    9902     ok (non-closed singly connected)  

Checking geometry...
    Overall domain bounding box (0 0 -0.0068014643) (0.24 0.005 0.0068014393)
    Mesh has 3 geometric (non-empty/wedge) directions (1 1 1)
    Mesh has 3 solution (non-empty) directions (1 1 1)
    Boundary openness (-2.6118615e-18 1.006978e-15 9.0989856e-17) OK.
    Max cell openness = 2.9264779e-16 OK.
    Max aspect ratio = 7.7654778 OK.
    Minimum face area = 1.9789129e-08. Maximum face area = 6.4959745e-07.  Face area magnitudes OK.
    Min volume = 1.2443321e-12. Max volume = 1.8409459e-10.  Total volume = 1.3238955e-05.  Cell volumes OK.
    Mesh non-orthogonality Max: 63.514291 average: 17.087377
    Non-orthogonality check OK.
    Face pyramids OK.
    Max skewness = 0.78204262 OK.
    Coupled point location match (average 0) OK.

Mesh OK.

End

